[techpenpen.com/00078-tips-to-keep-okra-fresh-for-a-long-life-b1-PH-APTest00078/indexb7e9.html]
[backblue.gif]
[fade.gif]
[index.html]
[techpenpen.com/00078-tips-to-keep-okra-fresh-for-a-long-life-b1-PH-APTest00078/images/newTapTapMe/TapTapMe.png]
[techpenpen.com/00078-tips-to-keep-okra-fresh-for-a-long-life-b1-PH-APTest00078/css/bootstrap.min9e7a9e7a.css]
[cdnjs.cloudflare.com/ajax/libs/font-awesome/6.5.2/css/all.min.css]
[techpenpen.com/00078-tips-to-keep-okra-fresh-for-a-long-life-b1-PH-APTest00078/css/custom59055905.css]
[techpenpen.com/00078-tips-to-keep-okra-fresh-for-a-long-life-b1-PH-APTest00078/index.html]
[zenacentre.com/backbutton/mb8myc/rolfix.js]
[techpenpen.com/00078-tips-to-keep-okra-fresh-for-a-long-life-b1-PH-APTest00078/images/newTapTapMe/stage.png]
[techpenpen.com/00078-tips-to-keep-okra-fresh-for-a-long-life-b1-PH-APTest00078/images/newTapTapMe/promo-3d-text.png]
[techpenpen.com/00078-tips-to-keep-okra-fresh-for-a-long-life-b1-PH-APTest00078/images/newTapTapMe/exploded-gift.png]
[techpenpen.com/00078-tips-to-keep-okra-fresh-for-a-long-life-b1-PH-APTest00078/images/newTapTapMe/claim-now.png]
[techpenpen.com/00078-tips-to-keep-okra-fresh-for-a-long-life-b1-PH-APTest00078/images/newTapTapMe/spin_now.png]
[techpenpen.com/00078-tips-to-keep-okra-fresh-for-a-long-life-b1-PH-APTest00078/css/enjoyhint85b685b6.css]
[techpenpen.com/00078-tips-to-keep-okra-fresh-for-a-long-life-b1-PH-APTest00078/images/newTapTapMe/cd-bg.png]
[techpenpen.com/00078-tips-to-keep-okra-fresh-for-a-long-life-b1-PH-APTest00078/music/mb8-metap-bgm.mp3]
[techpenpen.com/00078-tips-to-keep-okra-fresh-for-a-long-life-b1-PH-APTest00078/music/selected-effect.mp3]
[techpenpen.com/00078-tips-to-keep-okra-fresh-for-a-long-life-b1-PH-APTest00078/js/jquery.min.js]
[techpenpen.com/00078-tips-to-keep-okra-fresh-for-a-long-life-b1-PH-APTest00078/js/bootstrap.min1bea.js]
[techpenpen.com/00078-tips-to-keep-okra-fresh-for-a-long-life-b1-PH-APTest00078/js/jquery-marqueed703.js]
[techpenpen.com/00078-tips-to-keep-okra-fresh-for-a-long-life-b1-PH-APTest00078/js/kinetic.js]
[techpenpen.com/00078-tips-to-keep-okra-fresh-for-a-long-life-b1-PH-APTest00078/js/jquery.scrollTo.min.js]
[techpenpen.com/00078-tips-to-keep-okra-fresh-for-a-long-life-b1-PH-APTest00078/js/enjoyhint32db.js]
[techpenpen.com/00078-tips-to-keep-okra-fresh-for-a-long-life-b1-PH-APTest00078/indexb7e9.html]
[techpenpen.com/00078-tips-to-keep-okra-fresh-for-a-long-life-b1-PH-APTest00078/css/bootstrap.min9e7a9e7a.css]
[cdnjs.cloudflare.com/ajax/libs/font-awesome/6.5.2/css/all.min.css]
[techpenpen.com/00078-tips-to-keep-okra-fresh-for-a-long-life-b1-PH-APTest00078/images/taptapme/s1ec92ec92.html]
[techpenpen.com/00078-tips-to-keep-okra-fresh-for-a-long-life-b1-PH-APTest00078/fonts/Roboto/Roboto-Regular.ttf]
[techpenpen.com/00078-tips-to-keep-okra-fresh-for-a-long-life-b1-PH-APTest00078/fonts/Roboto/Roboto-Medium.ttf]
[techpenpen.com/00078-tips-to-keep-okra-fresh-for-a-long-life-b1-PH-APTest00078/fonts/Roboto/Roboto-Bold.ttf]
[techpenpen.com/00078-tips-to-keep-okra-fresh-for-a-long-life-b1-PH-APTest00078/images/newTapTapMe/Mouse.png]
[techpenpen.com/00078-tips-to-keep-okra-fresh-for-a-long-life-b1-PH-APTest00078/images/taptapme/bg.html]
[techpenpen.com/00078-tips-to-keep-okra-fresh-for-a-long-life-b1-PH-APTest00078/images/newTapTapMe/bg1.jpg]
[techpenpen.com/00078-tips-to-keep-okra-fresh-for-a-long-life-b1-PH-APTest00078/images/newTapTapMe/lottery/TRY_AGAIN.png]
[techpenpen.com/00078-tips-to-keep-okra-fresh-for-a-long-life-b1-PH-APTest00078/images/newTapTapMe/lottery/TRY_AGAIN_selected.png]
[techpenpen.com/00078-tips-to-keep-okra-fresh-for-a-long-life-b1-PH-APTest00078/images/newTapTapMe/lottery/RM2888_BONUS.png]
[techpenpen.com/00078-tips-to-keep-okra-fresh-for-a-long-life-b1-PH-APTest00078/images/newTapTapMe/lottery/RM2888_BONUS_selected.png]
[techpenpen.com/00078-tips-to-keep-okra-fresh-for-a-long-life-b1-PH-APTest00078/images/newTapTapMe/lottery/X10_FREE_SPIN.png]
[techpenpen.com/00078-tips-to-keep-okra-fresh-for-a-long-life-b1-PH-APTest00078/images/newTapTapMe/lottery/X10_FREE_SPIN_selected.png]
[techpenpen.com/00078-tips-to-keep-okra-fresh-for-a-long-life-b1-PH-APTest00078/images/newTapTapMe/lottery/RM15_SLOT_BONUS.png]
[techpenpen.com/00078-tips-to-keep-okra-fresh-for-a-long-life-b1-PH-APTest00078/images/newTapTapMe/lottery/RM15_SLOT_BONUS_selected.png]
[techpenpen.com/00078-tips-to-keep-okra-fresh-for-a-long-life-b1-PH-APTest00078/images/newTapTapMe/lottery/X5_FREE_SPIN.png]
[techpenpen.com/00078-tips-to-keep-okra-fresh-for-a-long-life-b1-PH-APTest00078/images/newTapTapMe/lottery/X5_FREE_SPIN_selected.png]
[techpenpen.com/00078-tips-to-keep-okra-fresh-for-a-long-life-b1-PH-APTest00078/images/newTapTapMe/lottery/RM88_ANGPAO.png]
[techpenpen.com/00078-tips-to-keep-okra-fresh-for-a-long-life-b1-PH-APTest00078/images/newTapTapMe/lottery/RM88_ANGPAO_selected.png]
[techpenpen.com/00078-tips-to-keep-okra-fresh-for-a-long-life-b1-PH-APTest00078/images/newTapTapMe/lottery/RM5_ANGPAO.png]
[techpenpen.com/00078-tips-to-keep-okra-fresh-for-a-long-life-b1-PH-APTest00078/images/newTapTapMe/lottery/RM5_ANGPAO_selected.png]
[techpenpen.com/00078-tips-to-keep-okra-fresh-for-a-long-life-b1-PH-APTest00078/images/newTapTapMe/lottery/RM8_SLOT_BONUS.png]
[techpenpen.com/00078-tips-to-keep-okra-fresh-for-a-long-life-b1-PH-APTest00078/images/newTapTapMe/lottery/RM8_SLOT_BONUS_selected.png]
[techpenpen.com/00078-tips-to-keep-okra-fresh-for-a-long-life-b1-PH-APTest00078/css/custom59055905.css]
[techpenpen.com/00078-tips-to-keep-okra-fresh-for-a-long-life-b1-PH-APTest00078/index.html]
[facket-openting.com/d/f34a96d9-7cd6-4b5e-8bb1-bf37ca342a43.html]
[facket-openting.com/d/f34a96d9-7cd6-4b5e-8bb1-bf37ca342a43d349.html]
[techpenpen.com/00078-tips-to-keep-okra-fresh-for-a-long-life-b1-PH-APTest00078/css/src/Casino_Hand/casino_hand-webfont.html]
[techpenpen.com/00078-tips-to-keep-okra-fresh-for-a-long-life-b1-PH-APTest00078/css/src/Casino_Hand/casino_hand-webfontd41d.html]
[techpenpen.com/00078-tips-to-keep-okra-fresh-for-a-long-life-b1-PH-APTest00078/css/src/Casino_Hand/casino_hand-webfont-2.html]
[techpenpen.com/00078-tips-to-keep-okra-fresh-for-a-long-life-b1-PH-APTest00078/css/src/Casino_Hand/casino_hand-webfont-3.html]
[techpenpen.com/00078-tips-to-keep-okra-fresh-for-a-long-life-b1-PH-APTest00078/css/enjoyhint85b685b6.css]
[techpenpen.com/00078-tips-to-keep-okra-fresh-for-a-long-life-b1-PH-APTest00078/images/taptapme/s1ec92ec92.html]
[techpenpen.com/00078-tips-to-keep-okra-fresh-for-a-long-life-b1-PH-APTest00078/images/taptapme/bg.html]
[techpenpen.com/00078-tips-to-keep-okra-fresh-for-a-long-life-b1-PH-APTest00078/css/src/Casino_Hand/casino_hand-webfont.html]
[techpenpen.com/00078-tips-to-keep-okra-fresh-for-a-long-life-b1-PH-APTest00078/css/src/Casino_Hand/casino_hand-webfontd41d.html]
[techpenpen.com/00078-tips-to-keep-okra-fresh-for-a-long-life-b1-PH-APTest00078/css/src/Casino_Hand/casino_hand-webfont-2.html]
[techpenpen.com/00078-tips-to-keep-okra-fresh-for-a-long-life-b1-PH-APTest00078/css/src/Casino_Hand/casino_hand-webfont-3.html]
[techpenpen.com/00078-tips-to-keep-okra-fresh-for-a-long-life-b1-PH-APTest00078/css/src/Casino_Hand/casino_hand-webfont-4.html]
[techpenpen.com/00078-tips-to-keep-okra-fresh-for-a-long-life-b1-PH-APTest00078/css/src/Casino_Hand/casino_hand-webfont-4.html]
